Archive member included to satisfy reference by file (symbol)

c:/program files (x86)/atmel/studio/7.0/toolchain/avr8/avr8-gnu-toolchain/bin/../lib/gcc/avr/5.4.0/avr6\libgcc.a(_divmodhi4.o)
                              Connection.o (__divmodhi4)
c:/program files (x86)/atmel/studio/7.0/toolchain/avr8/avr8-gnu-toolchain/bin/../lib/gcc/avr/5.4.0/avr6\libgcc.a(_exit.o)
                              C:/Program Files (x86)/Atmel/Studio/7.0/Packs/atmel/ATmega_DFP/1.2.209/gcc/dev/atmega2560/avr6/crtatmega2560.o (exit)
c:/program files (x86)/atmel/studio/7.0/toolchain/avr8/avr8-gnu-toolchain/bin/../lib/gcc/avr/5.4.0/avr6\libgcc.a(_tablejump2.o)
                              Connection.o (__tablejump2__)
c:/program files (x86)/atmel/studio/7.0/toolchain/avr8/avr8-gnu-toolchain/bin/../lib/gcc/avr/5.4.0/avr6\libgcc.a(_copy_data.o)
                              Connection.o (__do_copy_data)
c:/program files (x86)/atmel/studio/7.0/toolchain/avr8/avr8-gnu-toolchain/bin/../lib/gcc/avr/5.4.0/avr6\libgcc.a(_clear_bss.o)
                              Connection.o (__do_clear_bss)
c:/program files (x86)/atmel/studio/7.0/toolchain/avr8/avr8-gnu-toolchain/bin/../lib/gcc/avr/5.4.0/avr6\libgcc.a(_ctors.o)
                              Connection.o (__do_global_ctors)
c:/program files (x86)/atmel/studio/7.0/toolchain/avr8/avr8-gnu-toolchain/bin/../lib/gcc/avr/5.4.0/avr6\libgcc.a(_dtors.o)
                              Connection.o (__do_global_dtors)
c:/program files (x86)/atmel/studio/7.0/toolchain/avr8/avr8-gnu-toolchain/bin/../lib/gcc/avr/5.4.0/avr6\libgcc.a(_udivmodhi4.o)
                              c:/program files (x86)/atmel/studio/7.0/toolchain/avr8/avr8-gnu-toolchain/bin/../lib/gcc/avr/5.4.0/avr6\libgcc.a(_divmodhi4.o) (__udivmodhi4)
c:/program files (x86)/atmel/studio/7.0/toolchain/avr8/avr8-gnu-toolchain/bin/../lib/gcc/avr/5.4.0/../../../../avr/lib/avr6\libc.a(malloc.o)
                              Memory.o (malloc)

Allocating common symbols
Common symbol       size              file

__brkval            0x2               c:/program files (x86)/atmel/studio/7.0/toolchain/avr8/avr8-gnu-toolchain/bin/../lib/gcc/avr/5.4.0/../../../../avr/lib/avr6\libc.a(malloc.o)
__flp               0x2               c:/program files (x86)/atmel/studio/7.0/toolchain/avr8/avr8-gnu-toolchain/bin/../lib/gcc/avr/5.4.0/../../../../avr/lib/avr6\libc.a(malloc.o)

Discarded input sections

 .data          0x00000000        0x0 C:/Program Files (x86)/Atmel/Studio/7.0/Packs/atmel/ATmega_DFP/1.2.209/gcc/dev/atmega2560/avr6/crtatmega2560.o
 .bss           0x00000000        0x0 C:/Program Files (x86)/Atmel/Studio/7.0/Packs/atmel/ATmega_DFP/1.2.209/gcc/dev/atmega2560/avr6/crtatmega2560.o
 .group         0x00000000        0x8 Connection.o
 .group         0x00000000        0xc Connection.o
 .group         0x00000000        0x8 Connection.o
 .text          0x00000000        0x0 Connection.o
 .data          0x00000000        0x0 Connection.o
 .bss           0x00000000        0x0 Connection.o
 .text._Z17Serial0_Availablev
                0x00000000       0x1c Connection.o
 .text._Z11Serial0Readv
                0x00000000       0x4a Connection.o
 .text._Z18Serial0_ReadStringv
                0x00000000       0xa0 Connection.o
 .text._ZN10Connection6statusEv
                0x00000000       0xfc Connection.o
 .group         0x00000000        0x8 main.o
 .group         0x00000000        0x8 main.o
 .group         0x00000000        0x8 main.o
 .group         0x00000000        0x8 main.o
 .group         0x00000000        0x8 main.o
 .text          0x00000000        0x0 main.o
 .data          0x00000000        0x0 main.o
 .bss           0x00000000        0x0 main.o
 .text._ZN8Standard6stringC2EPKc
                0x00000000       0x42 main.o
 .text          0x00000000        0x0 Memory.o
 .data          0x00000000        0x0 Memory.o
 .bss           0x00000000        0x0 Memory.o
 .group         0x00000000        0x8 SiteMapping.o
 .group         0x00000000        0x8 SiteMapping.o
 .text          0x00000000        0x0 SiteMapping.o
 .data          0x00000000        0x0 SiteMapping.o
 .bss           0x00000000        0x0 SiteMapping.o
 .text          0x00000000        0x0 String.o
 .data          0x00000000        0x0 String.o
 .bss           0x00000000        0x0 String.o
 .text._ZN8Standard13string_verifyEPKci
                0x00000000       0x10 String.o
 .text          0x00000000        0x0 c:/program files (x86)/atmel/studio/7.0/toolchain/avr8/avr8-gnu-toolchain/bin/../lib/gcc/avr/5.4.0/avr6\libgcc.a(_divmodhi4.o)
 .data          0x00000000        0x0 c:/program files (x86)/atmel/studio/7.0/toolchain/avr8/avr8-gnu-toolchain/bin/../lib/gcc/avr/5.4.0/avr6\libgcc.a(_divmodhi4.o)
 .bss           0x00000000        0x0 c:/program files (x86)/atmel/studio/7.0/toolchain/avr8/avr8-gnu-toolchain/bin/../lib/gcc/avr/5.4.0/avr6\libgcc.a(_divmodhi4.o)
 .text.libgcc.mul
                0x00000000        0x0 c:/program files (x86)/atmel/studio/7.0/toolchain/avr8/avr8-gnu-toolchain/bin/../lib/gcc/avr/5.4.0/avr6\libgcc.a(_divmodhi4.o)
 .text.libgcc   0x00000000        0x0 c:/program files (x86)/atmel/studio/7.0/toolchain/avr8/avr8-gnu-toolchain/bin/../lib/gcc/avr/5.4.0/avr6\libgcc.a(_divmodhi4.o)
 .text.libgcc.prologue
                0x00000000        0x0 c:/program files (x86)/atmel/studio/7.0/toolchain/avr8/avr8-gnu-toolchain/bin/../lib/gcc/avr/5.4.0/avr6\libgcc.a(_divmodhi4.o)
 .text.libgcc.builtins
                0x00000000        0x0 c:/program files (x86)/atmel/studio/7.0/toolchain/avr8/avr8-gnu-toolchain/bin/../lib/gcc/avr/5.4.0/avr6\libgcc.a(_divmodhi4.o)
 .text.libgcc.fmul
                0x00000000        0x0 c:/program files (x86)/atmel/studio/7.0/toolchain/avr8/avr8-gnu-toolchain/bin/../lib/gcc/avr/5.4.0/avr6\libgcc.a(_divmodhi4.o)
 .text.libgcc.fixed
                0x00000000        0x0 c:/program files (x86)/atmel/studio/7.0/toolchain/avr8/avr8-gnu-toolchain/bin/../lib/gcc/avr/5.4.0/avr6\libgcc.a(_divmodhi4.o)
 .text          0x00000000        0x0 c:/program files (x86)/atmel/studio/7.0/toolchain/avr8/avr8-gnu-toolchain/bin/../lib/gcc/avr/5.4.0/avr6\libgcc.a(_exit.o)
 .data          0x00000000        0x0 c:/program files (x86)/atmel/studio/7.0/toolchain/avr8/avr8-gnu-toolchain/bin/../lib/gcc/avr/5.4.0/avr6\libgcc.a(_exit.o)
 .bss           0x00000000        0x0 c:/program files (x86)/atmel/studio/7.0/toolchain/avr8/avr8-gnu-toolchain/bin/../lib/gcc/avr/5.4.0/avr6\libgcc.a(_exit.o)
 .text.libgcc.mul
                0x00000000        0x0 c:/program files (x86)/atmel/studio/7.0/toolchain/avr8/avr8-gnu-toolchain/bin/../lib/gcc/avr/5.4.0/avr6\libgcc.a(_exit.o)
 .text.libgcc.div
                0x00000000        0x0 c:/program files (x86)/atmel/studio/7.0/toolchain/avr8/avr8-gnu-toolchain/bin/../lib/gcc/avr/5.4.0/avr6\libgcc.a(_exit.o)
 .text.libgcc   0x00000000        0x0 c:/program files (x86)/atmel/studio/7.0/toolchain/avr8/avr8-gnu-toolchain/bin/../lib/gcc/avr/5.4.0/avr6\libgcc.a(_exit.o)
 .text.libgcc.prologue
                0x00000000        0x0 c:/program files (x86)/atmel/studio/7.0/toolchain/avr8/avr8-gnu-toolchain/bin/../lib/gcc/avr/5.4.0/avr6\libgcc.a(_exit.o)
 .text.libgcc.builtins
                0x00000000        0x0 c:/program files (x86)/atmel/studio/7.0/toolchain/avr8/avr8-gnu-toolchain/bin/../lib/gcc/avr/5.4.0/avr6\libgcc.a(_exit.o)
 .text.libgcc.fmul
                0x00000000        0x0 c:/program files (x86)/atmel/studio/7.0/toolchain/avr8/avr8-gnu-toolchain/bin/../lib/gcc/avr/5.4.0/avr6\libgcc.a(_exit.o)
 .text.libgcc.fixed
                0x00000000        0x0 c:/program files (x86)/atmel/studio/7.0/toolchain/avr8/avr8-gnu-toolchain/bin/../lib/gcc/avr/5.4.0/avr6\libgcc.a(_exit.o)
 .text          0x00000000        0x0 c:/program files (x86)/atmel/studio/7.0/toolchain/avr8/avr8-gnu-toolchain/bin/../lib/gcc/avr/5.4.0/avr6\libgcc.a(_tablejump2.o)
 .data          0x00000000        0x0 c:/program files (x86)/atmel/studio/7.0/toolchain/avr8/avr8-gnu-toolchain/bin/../lib/gcc/avr/5.4.0/avr6\libgcc.a(_tablejump2.o)
 .bss           0x00000000        0x0 c:/program files (x86)/atmel/studio/7.0/toolchain/avr8/avr8-gnu-toolchain/bin/../lib/gcc/avr/5.4.0/avr6\libgcc.a(_tablejump2.o)
 .text.libgcc.mul
                0x00000000        0x0 c:/program files (x86)/atmel/studio/7.0/toolchain/avr8/avr8-gnu-toolchain/bin/../lib/gcc/avr/5.4.0/avr6\libgcc.a(_tablejump2.o)
 .text.libgcc.div
                0x00000000        0x0 c:/program files (x86)/atmel/studio/7.0/toolchain/avr8/avr8-gnu-toolchain/bin/../lib/gcc/avr/5.4.0/avr6\libgcc.a(_tablejump2.o)
 .text.libgcc.prologue
                0x00000000        0x0 c:/program files (x86)/atmel/studio/7.0/toolchain/avr8/avr8-gnu-toolchain/bin/../lib/gcc/avr/5.4.0/avr6\libgcc.a(_tablejump2.o)
 .text.libgcc.builtins
                0x00000000        0x0 c:/program files (x86)/atmel/studio/7.0/toolchain/avr8/avr8-gnu-toolchain/bin/../lib/gcc/avr/5.4.0/avr6\libgcc.a(_tablejump2.o)
 .text.libgcc.fmul
                0x00000000        0x0 c:/program files (x86)/atmel/studio/7.0/toolchain/avr8/avr8-gnu-toolchain/bin/../lib/gcc/avr/5.4.0/avr6\libgcc.a(_tablejump2.o)
 .text.libgcc.fixed
                0x00000000        0x0 c:/program files (x86)/atmel/studio/7.0/toolchain/avr8/avr8-gnu-toolchain/bin/../lib/gcc/avr/5.4.0/avr6\libgcc.a(_tablejump2.o)
 .text          0x00000000        0x0 c:/program files (x86)/atmel/studio/7.0/toolchain/avr8/avr8-gnu-toolchain/bin/../lib/gcc/avr/5.4.0/avr6\libgcc.a(_copy_data.o)
 .data          0x00000000        0x0 c:/program files (x86)/atmel/studio/7.0/toolchain/avr8/avr8-gnu-toolchain/bin/../lib/gcc/avr/5.4.0/avr6\libgcc.a(_copy_data.o)
 .bss           0x00000000        0x0 c:/program files (x86)/atmel/studio/7.0/toolchain/avr8/avr8-gnu-toolchain/bin/../lib/gcc/avr/5.4.0/avr6\libgcc.a(_copy_data.o)
 .text.libgcc.mul
                0x00000000        0x0 c:/program files (x86)/atmel/studio/7.0/toolchain/avr8/avr8-gnu-toolchain/bin/../lib/gcc/avr/5.4.0/avr6\libgcc.a(_copy_data.o)
 .text.libgcc.div
                0x00000000        0x0 c:/program files (x86)/atmel/studio/7.0/toolchain/avr8/avr8-gnu-toolchain/bin/../lib/gcc/avr/5.4.0/avr6\libgcc.a(_copy_data.o)
 .text.libgcc   0x00000000        0x0 c:/program files (x86)/atmel/studio/7.0/toolchain/avr8/avr8-gnu-toolchain/bin/../lib/gcc/avr/5.4.0/avr6\libgcc.a(_copy_data.o)
 .text.libgcc.prologue
                0x00000000        0x0 c:/program files (x86)/atmel/studio/7.0/toolchain/avr8/avr8-gnu-toolchain/bin/../lib/gcc/avr/5.4.0/avr6\libgcc.a(_copy_data.o)
 .text.libgcc.builtins
                0x00000000        0x0 c:/program files (x86)/atmel/studio/7.0/toolchain/avr8/avr8-gnu-toolchain/bin/../lib/gcc/avr/5.4.0/avr6\libgcc.a(_copy_data.o)
 .text.libgcc.fmul
                0x00000000        0x0 c:/program files (x86)/atmel/studio/7.0/toolchain/avr8/avr8-gnu-toolchain/bin/../lib/gcc/avr/5.4.0/avr6\libgcc.a(_copy_data.o)
 .text.libgcc.fixed
                0x00000000        0x0 c:/program files (x86)/atmel/studio/7.0/toolchain/avr8/avr8-gnu-toolchain/bin/../lib/gcc/avr/5.4.0/avr6\libgcc.a(_copy_data.o)
 .text          0x00000000        0x0 c:/program files (x86)/atmel/studio/7.0/toolchain/avr8/avr8-gnu-toolchain/bin/../lib/gcc/avr/5.4.0/avr6\libgcc.a(_clear_bss.o)
 .data          0x00000000        0x0 c:/program files (x86)/atmel/studio/7.0/toolchain/avr8/avr8-gnu-toolchain/bin/../lib/gcc/avr/5.4.0/avr6\libgcc.a(_clear_bss.o)
 .bss           0x00000000        0x0 c:/program files (x86)/atmel/studio/7.0/toolchain/avr8/avr8-gnu-toolchain/bin/../lib/gcc/avr/5.4.0/avr6\libgcc.a(_clear_bss.o)
 .text.libgcc.mul
                0x00000000        0x0 c:/program files (x86)/atmel/studio/7.0/toolchain/avr8/avr8-gnu-toolchain/bin/../lib/gcc/avr/5.4.0/avr6\libgcc.a(_clear_bss.o)
 .text.libgcc.div
                0x00000000        0x0 c:/program files (x86)/atmel/studio/7.0/toolchain/avr8/avr8-gnu-toolchain/bin/../lib/gcc/avr/5.4.0/avr6\libgcc.a(_clear_bss.o)
 .text.libgcc   0x00000000        0x0 c:/program files (x86)/atmel/studio/7.0/toolchain/avr8/avr8-gnu-toolchain/bin/../lib/gcc/avr/5.4.0/avr6\libgcc.a(_clear_bss.o)
 .text.libgcc.prologue
                0x00000000        0x0 c:/program files (x86)/atmel/studio/7.0/toolchain/avr8/avr8-gnu-toolchain/bin/../lib/gcc/avr/5.4.0/avr6\libgcc.a(_clear_bss.o)
 .text.libgcc.builtins
                0x00000000        0x0 c:/program files (x86)/atmel/studio/7.0/toolchain/avr8/avr8-gnu-toolchain/bin/../lib/gcc/avr/5.4.0/avr6\libgcc.a(_clear_bss.o)
 .text.libgcc.fmul
                0x00000000        0x0 c:/program files (x86)/atmel/studio/7.0/toolchain/avr8/avr8-gnu-toolchain/bin/../lib/gcc/avr/5.4.0/avr6\libgcc.a(_clear_bss.o)
 .text.libgcc.fixed
                0x00000000        0x0 c:/program files (x86)/atmel/studio/7.0/toolchain/avr8/avr8-gnu-toolchain/bin/../lib/gcc/avr/5.4.0/avr6\libgcc.a(_clear_bss.o)
 .text          0x00000000        0x0 c:/program files (x86)/atmel/studio/7.0/toolchain/avr8/avr8-gnu-toolchain/bin/../lib/gcc/avr/5.4.0/avr6\libgcc.a(_ctors.o)
 .data          0x00000000        0x0 c:/program files (x86)/atmel/studio/7.0/toolchain/avr8/avr8-gnu-toolchain/bin/../lib/gcc/avr/5.4.0/avr6\libgcc.a(_ctors.o)
 .bss           0x00000000        0x0 c:/program files (x86)/atmel/studio/7.0/toolchain/avr8/avr8-gnu-toolchain/bin/../lib/gcc/avr/5.4.0/avr6\libgcc.a(_ctors.o)
 .text.libgcc.mul
                0x00000000        0x0 c:/program files (x86)/atmel/studio/7.0/toolchain/avr8/avr8-gnu-toolchain/bin/../lib/gcc/avr/5.4.0/avr6\libgcc.a(_ctors.o)
 .text.libgcc.div
                0x00000000        0x0 c:/program files (x86)/atmel/studio/7.0/toolchain/avr8/avr8-gnu-toolchain/bin/../lib/gcc/avr/5.4.0/avr6\libgcc.a(_ctors.o)
 .text.libgcc   0x00000000        0x0 c:/program files (x86)/atmel/studio/7.0/toolchain/avr8/avr8-gnu-toolchain/bin/../lib/gcc/avr/5.4.0/avr6\libgcc.a(_ctors.o)
 .text.libgcc.prologue
                0x00000000        0x0 c:/program files (x86)/atmel/studio/7.0/toolchain/avr8/avr8-gnu-toolchain/bin/../lib/gcc/avr/5.4.0/avr6\libgcc.a(_ctors.o)
 .text.libgcc.builtins
                0x00000000        0x0 c:/program files (x86)/atmel/studio/7.0/toolchain/avr8/avr8-gnu-toolchain/bin/../lib/gcc/avr/5.4.0/avr6\libgcc.a(_ctors.o)
 .text.libgcc.fmul
                0x00000000        0x0 c:/program files (x86)/atmel/studio/7.0/toolchain/avr8/avr8-gnu-toolchain/bin/../lib/gcc/avr/5.4.0/avr6\libgcc.a(_ctors.o)
 .text.libgcc.fixed
                0x00000000        0x0 c:/program files (x86)/atmel/studio/7.0/toolchain/avr8/avr8-gnu-toolchain/bin/../lib/gcc/avr/5.4.0/avr6\libgcc.a(_ctors.o)
 .text          0x00000000        0x0 c:/program files (x86)/atmel/studio/7.0/toolchain/avr8/avr8-gnu-toolchain/bin/../lib/gcc/avr/5.4.0/avr6\libgcc.a(_dtors.o)
 .data          0x00000000        0x0 c:/program files (x86)/atmel/studio/7.0/toolchain/avr8/avr8-gnu-toolchain/bin/../lib/gcc/avr/5.4.0/avr6\libgcc.a(_dtors.o)
 .bss           0x00000000        0x0 c:/program files (x86)/atmel/studio/7.0/toolchain/avr8/avr8-gnu-toolchain/bin/../lib/gcc/avr/5.4.0/avr6\libgcc.a(_dtors.o)
 .text.libgcc.mul
                0x00000000        0x0 c:/program files (x86)/atmel/studio/7.0/toolchain/avr8/avr8-gnu-toolchain/bin/../lib/gcc/avr/5.4.0/avr6\libgcc.a(_dtors.o)
 .text.libgcc.div
                0x00000000        0x0 c:/program files (x86)/atmel/studio/7.0/toolchain/avr8/avr8-gnu-toolchain/bin/../lib/gcc/avr/5.4.0/avr6\libgcc.a(_dtors.o)
 .text.libgcc   0x00000000        0x0 c:/program files (x86)/atmel/studio/7.0/toolchain/avr8/avr8-gnu-toolchain/bin/../lib/gcc/avr/5.4.0/avr6\libgcc.a(_dtors.o)
 .text.libgcc.prologue
                0x00000000        0x0 c:/program files (x86)/atmel/studio/7.0/toolchain/avr8/avr8-gnu-toolchain/bin/../lib/gcc/avr/5.4.0/avr6\libgcc.a(_dtors.o)
 .text.libgcc.builtins
                0x00000000        0x0 c:/program files (x86)/atmel/studio/7.0/toolchain/avr8/avr8-gnu-toolchain/bin/../lib/gcc/avr/5.4.0/avr6\libgcc.a(_dtors.o)
 .text.libgcc.fmul
                0x00000000        0x0 c:/program files (x86)/atmel/studio/7.0/toolchain/avr8/avr8-gnu-toolchain/bin/../lib/gcc/avr/5.4.0/avr6\libgcc.a(_dtors.o)
 .text.libgcc.fixed
                0x00000000        0x0 c:/program files (x86)/atmel/studio/7.0/toolchain/avr8/avr8-gnu-toolchain/bin/../lib/gcc/avr/5.4.0/avr6\libgcc.a(_dtors.o)
 .text          0x00000000        0x0 c:/program files (x86)/atmel/studio/7.0/toolchain/avr8/avr8-gnu-toolchain/bin/../lib/gcc/avr/5.4.0/avr6\libgcc.a(_udivmodhi4.o)
 .data          0x00000000        0x0 c:/program files (x86)/atmel/studio/7.0/toolchain/avr8/avr8-gnu-toolchain/bin/../lib/gcc/avr/5.4.0/avr6\libgcc.a(_udivmodhi4.o)
 .bss           0x00000000        0x0 c:/program files (x86)/atmel/studio/7.0/toolchain/avr8/avr8-gnu-toolchain/bin/../lib/gcc/avr/5.4.0/avr6\libgcc.a(_udivmodhi4.o)
 .text.libgcc.mul
                0x00000000        0x0 c:/program files (x86)/atmel/studio/7.0/toolchain/avr8/avr8-gnu-toolchain/bin/../lib/gcc/avr/5.4.0/avr6\libgcc.a(_udivmodhi4.o)
 .text.libgcc   0x00000000        0x0 c:/program files (x86)/atmel/studio/7.0/toolchain/avr8/avr8-gnu-toolchain/bin/../lib/gcc/avr/5.4.0/avr6\libgcc.a(_udivmodhi4.o)
 .text.libgcc.prologue
                0x00000000        0x0 c:/program files (x86)/atmel/studio/7.0/toolchain/avr8/avr8-gnu-toolchain/bin/../lib/gcc/avr/5.4.0/avr6\libgcc.a(_udivmodhi4.o)
 .text.libgcc.builtins
                0x00000000        0x0 c:/program files (x86)/atmel/studio/7.0/toolchain/avr8/avr8-gnu-toolchain/bin/../lib/gcc/avr/5.4.0/avr6\libgcc.a(_udivmodhi4.o)
 .text.libgcc.fmul
                0x00000000        0x0 c:/program files (x86)/atmel/studio/7.0/toolchain/avr8/avr8-gnu-toolchain/bin/../lib/gcc/avr/5.4.0/avr6\libgcc.a(_udivmodhi4.o)
 .text.libgcc.fixed
                0x00000000        0x0 c:/program files (x86)/atmel/studio/7.0/toolchain/avr8/avr8-gnu-toolchain/bin/../lib/gcc/avr/5.4.0/avr6\libgcc.a(_udivmodhi4.o)
 .text          0x00000000        0x0 c:/program files (x86)/atmel/studio/7.0/toolchain/avr8/avr8-gnu-toolchain/bin/../lib/gcc/avr/5.4.0/../../../../avr/lib/avr6\libc.a(malloc.o)
 .bss           0x00000000        0x0 c:/program files (x86)/atmel/studio/7.0/toolchain/avr8/avr8-gnu-toolchain/bin/../lib/gcc/avr/5.4.0/../../../../avr/lib/avr6\libc.a(malloc.o)

Memory Configuration

Name             Origin             Length             Attributes
text             0x00000000         0x00100000         xr
data             0x00800200         0x0000fe00         rw !x
eeprom           0x00810000         0x00010000         rw !x
fuse             0x00820000         0x00000003         rw !x
lock             0x00830000         0x00000400         rw !x
signature        0x00840000         0x00000400         rw !x
user_signatures  0x00850000         0x00000400         rw !x
*default*        0x00000000         0xffffffff

Linker script and memory map

Address of section .data set to 0x800200
LOAD C:/Program Files (x86)/Atmel/Studio/7.0/Packs/atmel/ATmega_DFP/1.2.209/gcc/dev/atmega2560/avr6/crtatmega2560.o
LOAD Connection.o
LOAD main.o
LOAD Memory.o
LOAD SiteMapping.o
LOAD String.o
START GROUP
LOAD c:/program files (x86)/atmel/studio/7.0/toolchain/avr8/avr8-gnu-toolchain/bin/../lib/gcc/avr/5.4.0/../../../../avr/lib/avr6\libm.a
END GROUP
LOAD c:/program files (x86)/atmel/studio/7.0/toolchain/avr8/avr8-gnu-toolchain/bin/../lib/gcc/avr/5.4.0/avr6\libgcc.a
LOAD c:/program files (x86)/atmel/studio/7.0/toolchain/avr8/avr8-gnu-toolchain/bin/../lib/gcc/avr/5.4.0/../../../../avr/lib/avr6\libm.a
START GROUP
LOAD c:/program files (x86)/atmel/studio/7.0/toolchain/avr8/avr8-gnu-toolchain/bin/../lib/gcc/avr/5.4.0/avr6\libgcc.a
LOAD c:/program files (x86)/atmel/studio/7.0/toolchain/avr8/avr8-gnu-toolchain/bin/../lib/gcc/avr/5.4.0/../../../../avr/lib/avr6\libm.a
LOAD c:/program files (x86)/atmel/studio/7.0/toolchain/avr8/avr8-gnu-toolchain/bin/../lib/gcc/avr/5.4.0/../../../../avr/lib/avr6\libc.a
LOAD C:/Program Files (x86)/Atmel/Studio/7.0/Packs/atmel/ATmega_DFP/1.2.209/gcc/dev/atmega2560/avr6\libatmega2560.a
END GROUP
                0x00100000                __TEXT_REGION_LENGTH__ = DEFINED (__TEXT_REGION_LENGTH__)?__TEXT_REGION_LENGTH__:0x100000
                0x0000fe00                __DATA_REGION_LENGTH__ = DEFINED (__DATA_REGION_LENGTH__)?__DATA_REGION_LENGTH__:0xfe00
                0x00010000                __EEPROM_REGION_LENGTH__ = DEFINED (__EEPROM_REGION_LENGTH__)?__EEPROM_REGION_LENGTH__:0x10000
                [0x00000003]                __FUSE_REGION_LENGTH__ = DEFINED (__FUSE_REGION_LENGTH__)?__FUSE_REGION_LENGTH__:0x400
                0x00000400                __LOCK_REGION_LENGTH__ = DEFINED (__LOCK_REGION_LENGTH__)?__LOCK_REGION_LENGTH__:0x400
                0x00000400                __SIGNATURE_REGION_LENGTH__ = DEFINED (__SIGNATURE_REGION_LENGTH__)?__SIGNATURE_REGION_LENGTH__:0x400
                0x00000400                __USER_SIGNATURE_REGION_LENGTH__ = DEFINED (__USER_SIGNATURE_REGION_LENGTH__)?__USER_SIGNATURE_REGION_LENGTH__:0x400

.hash
 *(.hash)

.dynsym
 *(.dynsym)

.dynstr
 *(.dynstr)

.gnu.version
 *(.gnu.version)

.gnu.version_d
 *(.gnu.version_d)

.gnu.version_r
 *(.gnu.version_r)

.rel.init
 *(.rel.init)

.rela.init
 *(.rela.init)

.rel.text
 *(.rel.text)
 *(.rel.text.*)
 *(.rel.gnu.linkonce.t*)

.rela.text
 *(.rela.text)
 *(.rela.text.*)
 *(.rela.gnu.linkonce.t*)

.rel.fini
 *(.rel.fini)

.rela.fini
 *(.rela.fini)

.rel.rodata
 *(.rel.rodata)
 *(.rel.rodata.*)
 *(.rel.gnu.linkonce.r*)

.rela.rodata
 *(.rela.rodata)
 *(.rela.rodata.*)
 *(.rela.gnu.linkonce.r*)

.rel.data
 *(.rel.data)
 *(.rel.data.*)
 *(.rel.gnu.linkonce.d*)

.rela.data
 *(.rela.data)
 *(.rela.data.*)
 *(.rela.gnu.linkonce.d*)

.rel.ctors
 *(.rel.ctors)

.rela.ctors
 *(.rela.ctors)

.rel.dtors
 *(.rel.dtors)

.rela.dtors
 *(.rela.dtors)

.rel.got
 *(.rel.got)

.rela.got
 *(.rela.got)

.rel.bss
 *(.rel.bss)

.rela.bss
 *(.rela.bss)

.rel.plt
 *(.rel.plt)

.rela.plt
 *(.rela.plt)

.text           0x00000000     0x37a0
 *(.vectors)
 .vectors       0x00000000       0xe4 C:/Program Files (x86)/Atmel/Studio/7.0/Packs/atmel/ATmega_DFP/1.2.209/gcc/dev/atmega2560/avr6/crtatmega2560.o
                0x00000000                __vector_default
                0x00000000                __vectors
 *(.vectors)
 *(.progmem.gcc*)
 .progmem.gcc_sw_table._ZN8Standard12parse_singleIiEENS_6stringET_
                0x000000e4       0x14 Connection.o
                0x000000f8                . = ALIGN (0x2)
                0x000000f8                __trampolines_start = .
 *(.trampolines)
 .trampolines   0x000000f8        0x0 linker stubs
 *(.trampolines*)
                0x000000f8                __trampolines_end = .
 *libprintf_flt.a:*(.progmem.data)
 *libc.a:*(.progmem.data)
 *(.progmem*)
                0x000000f8                . = ALIGN (0x2)
 *(.jumptables)
 *(.jumptables*)
 *(.lowtext)
 *(.lowtext*)
                0x000000f8                __ctors_start = .
 *(.ctors)
 .ctors         0x000000f8        0x2 Connection.o
 .ctors         0x000000fa        0x2 main.o
                0x000000fc                __ctors_end = .
                0x000000fc                __dtors_start = .
 *(.dtors)
 .dtors         0x000000fc        0x2 Connection.o
 .dtors         0x000000fe        0x2 main.o
                0x00000100                __dtors_end = .
 SORT(*)(.ctors)
 SORT(*)(.dtors)
 *(.init0)
 .init0         0x00000100        0x0 C:/Program Files (x86)/Atmel/Studio/7.0/Packs/atmel/ATmega_DFP/1.2.209/gcc/dev/atmega2560/avr6/crtatmega2560.o
                0x00000100                __init
 *(.init0)
 *(.init1)
 *(.init1)
 *(.init2)
 .init2         0x00000100       0x10 C:/Program Files (x86)/Atmel/Studio/7.0/Packs/atmel/ATmega_DFP/1.2.209/gcc/dev/atmega2560/avr6/crtatmega2560.o
 *(.init2)
 *(.init3)
 *(.init3)
 *(.init4)
 .init4         0x00000110       0x1a c:/program files (x86)/atmel/studio/7.0/toolchain/avr8/avr8-gnu-toolchain/bin/../lib/gcc/avr/5.4.0/avr6\libgcc.a(_copy_data.o)
                0x00000110                __do_copy_data
 .init4         0x0000012a       0x10 c:/program files (x86)/atmel/studio/7.0/toolchain/avr8/avr8-gnu-toolchain/bin/../lib/gcc/avr/5.4.0/avr6\libgcc.a(_clear_bss.o)
                0x0000012a                __do_clear_bss
 *(.init4)
 *(.init5)
 *(.init5)
 *(.init6)
 .init6         0x0000013a       0x20 c:/program files (x86)/atmel/studio/7.0/toolchain/avr8/avr8-gnu-toolchain/bin/../lib/gcc/avr/5.4.0/avr6\libgcc.a(_ctors.o)
                0x0000013a                __do_global_ctors
 *(.init6)
 *(.init7)
 *(.init7)
 *(.init8)
 *(.init8)
 *(.init9)
 .init9         0x0000015a        0x8 C:/Program Files (x86)/Atmel/Studio/7.0/Packs/atmel/ATmega_DFP/1.2.209/gcc/dev/atmega2560/avr6/crtatmega2560.o
 *(.init9)
 *(.text)
 .text          0x00000162        0x2 C:/Program Files (x86)/Atmel/Studio/7.0/Packs/atmel/ATmega_DFP/1.2.209/gcc/dev/atmega2560/avr6/crtatmega2560.o
                0x00000162                __vector_38
                0x00000162                __vector_22
                0x00000162                __vector_28
                0x00000162                __vector_1
                0x00000162                __vector_32
                0x00000162                __vector_34
                0x00000162                __vector_24
                0x00000162                __vector_12
                0x00000162                __vector_55
                0x00000162                __vector_46
                0x00000162                __bad_interrupt
                0x00000162                __vector_6
                0x00000162                __vector_31
                0x00000162                __vector_35
                0x00000162                __vector_39
                0x00000162                __vector_3
                0x00000162                __vector_23
                0x00000162                __vector_30
                0x00000162                __vector_45
                0x00000162                __vector_11
                0x00000162                __vector_54
                0x00000162                __vector_13
                0x00000162                __vector_17
                0x00000162                __vector_19
                0x00000162                __vector_56
                0x00000162                __vector_7
                0x00000162                __vector_49
                0x00000162                __vector_41
                0x00000162                __vector_43
                0x00000162                __vector_27
                0x00000162                __vector_5
                0x00000162                __vector_33
                0x00000162                __vector_47
                0x00000162                __vector_52
                0x00000162                __vector_37
                0x00000162                __vector_4
                0x00000162                __vector_44
                0x00000162                __vector_51
                0x00000162                __vector_9
                0x00000162                __vector_2
                0x00000162                __vector_21
                0x00000162                __vector_15
                0x00000162                __vector_29
                0x00000162                __vector_40
                0x00000162                __vector_8
                0x00000162                __vector_26
                0x00000162                __vector_48
                0x00000162                __vector_14
                0x00000162                __vector_53
                0x00000162                __vector_10
                0x00000162                __vector_50
                0x00000162                __vector_16
                0x00000162                __vector_18
                0x00000162                __vector_20
                0x00000162                __vector_42
                0x00000164                . = ALIGN (0x2)
 *(.text.*)
 .text._ZN8Standard6stringC2EPKc
                0x00000164       0x42 Connection.o
                0x00000164                _ZN8Standard6stringC1EPKc
                0x00000164                _ZN8Standard6stringC2EPKc
 .text._Z11USART1_Initv
                0x000001a6       0x40 Connection.o
                0x000001a6                _Z11USART1_Initv
 .text._Z15USART1_Transmith
                0x000001e6       0x10 Connection.o
                0x000001e6                _Z15USART1_Transmith
 .text._Z14USART1_Receivev
                0x000001f6       0x10 Connection.o
                0x000001f6                _Z14USART1_Receivev
 .text._Z17Serial1_Availablev
                0x00000206       0x1c Connection.o
                0x00000206                _Z17Serial1_Availablev
 .text._Z11Serial1Readv
                0x00000222       0x48 Connection.o
                0x00000222                _Z11Serial1Readv
 .text._Z18Serial1_ReadStringv
                0x0000026a       0x9c Connection.o
                0x0000026a                _Z18Serial1_ReadStringv
 .text._Z19Serial1_WriteStringN8Standard6stringE
                0x00000306       0x3c Connection.o
                0x00000306                _Z19Serial1_WriteStringN8Standard6stringE
 .text._Z19Serial1_PrintStringN8Standard6stringE
                0x00000342       0x6c Connection.o
                0x00000342                _Z19Serial1_PrintStringN8Standard6stringE
 .text.__vector_36
                0x000003ae       0xd2 Connection.o
                0x000003ae                __vector_36
 .text._Z11USART0_Initv
                0x00000480       0x40 Connection.o
                0x00000480                _Z11USART0_Initv
 .text._Z15USART0_Transmith
                0x000004c0       0x10 Connection.o
                0x000004c0                _Z15USART0_Transmith
 .text._Z14USART0_Receivev
                0x000004d0       0x10 Connection.o
                0x000004d0                _Z14USART0_Receivev
 .text._Z19Serial0_WriteStringN8Standard6stringE
                0x000004e0       0x3c Connection.o
                0x000004e0                _Z19Serial0_WriteStringN8Standard6stringE
 .text._Z19Serial0_PrintStringN8Standard6stringE
                0x0000051c       0x6c Connection.o
                0x0000051c                _Z19Serial0_PrintStringN8Standard6stringE
 .text.__vector_25
                0x00000588       0xd2 Connection.o
                0x00000588                __vector_25
 .text._ZN10Connection12clear_bufferEv
                0x0000065a        0xc Connection.o
                0x0000065a                _ZN10Connection12clear_bufferEv
 .text._ZN10Connection4sendEN8Standard6stringE
                0x00000666      0x110 Connection.o
                0x00000666                _ZN10Connection4sendEN8Standard6stringE
 .text._ZN10ConnectionC2Ev
                0x00000776       0x16 Connection.o
                0x00000776                _ZN10ConnectionC2Ev
                0x00000776                _ZN10ConnectionC1Ev
 .text._ZN10Connection5resetEv
                0x0000078c       0xe2 Connection.o
                0x0000078c                _ZN10Connection5resetEv
 .text._ZN10Connection8wifimodeEN8Standard6stringE
                0x0000086e      0x270 Connection.o
                0x0000086e                _ZN10Connection8wifimodeEN8Standard6stringE
 .text._ZN10Connection27enable_multiple_connectionsEb
                0x00000ade      0x308 Connection.o
                0x00000ade                _ZN10Connection27enable_multiple_connectionsEb
 .text._ZN10Connection13enable_serverEb
                0x00000de6      0x300 Connection.o
                0x00000de6                _ZN10Connection13enable_serverEb
 .text._ZN10Connection8readDataEv
                0x000010e6      0x682 Connection.o
                0x000010e6                _ZN10Connection8readDataEv
 .text._ZN10Connection16close_connectionEN8Standard6stringE
                0x00001768      0x21e Connection.o
                0x00001768                _ZN10Connection16close_connectionEN8Standard6stringE
 .text._ZN10Connection14data_availableEv
                0x00001986        0x6 Connection.o
                0x00001986                _ZN10Connection14data_availableEv
 .text._ZN8Standard12parse_singleIiEENS_6stringET_
                0x0000198c      0x248 Connection.o
                0x0000198c                _ZN8Standard12parse_singleIiEENS_6stringET_
 .text._ZN8Standard9parse_intIiEENS_6stringET_
                0x00001bd4      0x49a Connection.o
                0x00001bd4                _ZN8Standard9parse_intIiEENS_6stringET_
 .text._ZN10Connection8SendDataEN8Standard6stringES1_
                0x0000206e      0x3bc Connection.o
                0x0000206e                _ZN10Connection8SendDataEN8Standard6stringES1_
 .text._GLOBAL__sub_I_USART1_Buffer_
                0x0000242a       0x56 Connection.o
 .text._GLOBAL__sub_D_USART1_Buffer_
                0x00002480       0x64 Connection.o
 .text._ZN8Standard6stringC2ERKS0_
                0x000024e4       0x48 main.o
                0x000024e4                _ZN8Standard6stringC1ERKS0_
                0x000024e4                _ZN8Standard6stringC2ERKS0_
 .text._ZN6Server6server11StartServerEv
                0x0000252c       0x9c main.o
                0x0000252c                _ZN6Server6server11StartServerEv
 .text._ZN3Map8MapEntryIN8Standard6stringEN10Webcontent7WebsiteEED2Ev
                0x000025c8      0x118 main.o
                0x000025c8                _ZN3Map8MapEntryIN8Standard6stringEN10Webcontent7WebsiteEED1Ev
                0x000025c8                _ZN3Map8MapEntryIN8Standard6stringEN10Webcontent7WebsiteEED2Ev
 .text._ZN6Server6serverD2Ev
                0x000026e0      0x202 main.o
                0x000026e0                _ZN6Server6serverD2Ev
                0x000026e0                _ZN6Server6serverD1Ev
 .text.main     0x000028e2      0x47c main.o
                0x000028e2                main
 .text._GLOBAL__sub_I_main
                0x00002d5e       0x56 main.o
 .text._GLOBAL__sub_D_main
                0x00002db4       0x64 main.o
 .text._Znwj    0x00002e18        0xc Memory.o
                0x00002e18                _Znwj
 .text._ZdlPv   0x00002e24        0x8 Memory.o
                0x00002e24                _ZdlPv
 .text._Znaj    0x00002e2c        0x4 Memory.o
                0x00002e2c                _Znaj
 .text._ZdaPv   0x00002e30        0x8 Memory.o
                0x00002e30                _ZdaPv
 .text._ZN3Map7HashmapIN8Standard6stringEN10Webcontent7WebsiteEE3addES2_S4_
                0x00002e38      0x1ea SiteMapping.o
                0x00002e38                _ZN3Map7HashmapIN8Standard6stringEN10Webcontent7WebsiteEE3addES2_S4_
 .text._ZN10webMapping7Sitemap3addEN8Standard6stringEN10Webcontent7WebsiteE
                0x00003022       0xbe SiteMapping.o
                0x00003022                _ZN10webMapping7Sitemap3addEN8Standard6stringEN10Webcontent7WebsiteE
 .text._ZNK3Map7HashmapIN8Standard6stringEN10Webcontent7WebsiteEE3getES2_
                0x000030e0       0x5e SiteMapping.o
                0x000030e0                _ZNK3Map7HashmapIN8Standard6stringEN10Webcontent7WebsiteEE3getES2_
 .text._ZN10webMapping7Sitemap3getEN8Standard6stringE
                0x0000313e      0x178 SiteMapping.o
                0x0000313e                _ZN10webMapping7Sitemap3getEN8Standard6stringE
 .text._ZN8Standard13string_lengthEPKc
                0x000032b6       0x34 String.o
                0x000032b6                _ZN8Standard13string_lengthEPKc
 .text._ZN8Standard11string_copyEPcPKci
                0x000032ea       0x1e String.o
                0x000032ea                _ZN8Standard11string_copyEPcPKci
 .text._ZN8Standard14string_compareEPKcS1_
                0x00003308       0x88 String.o
                0x00003308                _ZN8Standard14string_compareEPKcS1_
 .text._ZN8Standard20string_find_first_ofEPKcic
                0x00003390       0x3e String.o
                0x00003390                _ZN8Standard20string_find_first_ofEPKcic
 .text._ZN8Standard20string_find_first_ofEPKciS1_
                0x000033ce       0xd8 String.o
                0x000033ce                _ZN8Standard20string_find_first_ofEPKciS1_
 .text._ZN8Standard9hash_codeERKNS_6stringE
                0x000034a6       0x38 String.o
                0x000034a6                _ZN8Standard9hash_codeERKNS_6stringE
 .text.libgcc.div
                0x000034de       0x26 c:/program files (x86)/atmel/studio/7.0/toolchain/avr8/avr8-gnu-toolchain/bin/../lib/gcc/avr/5.4.0/avr6\libgcc.a(_divmodhi4.o)
                0x000034de                _div
                0x000034de                __divmodhi4
 .text.libgcc   0x00003504       0x10 c:/program files (x86)/atmel/studio/7.0/toolchain/avr8/avr8-gnu-toolchain/bin/../lib/gcc/avr/5.4.0/avr6\libgcc.a(_tablejump2.o)
                0x00003504                __tablejump2__
 .text.libgcc.div
                0x00003514       0x28 c:/program files (x86)/atmel/studio/7.0/toolchain/avr8/avr8-gnu-toolchain/bin/../lib/gcc/avr/5.4.0/avr6\libgcc.a(_udivmodhi4.o)
                0x00003514                __udivmodhi4
 .text.avr-libc
                0x0000353c      0x242 c:/program files (x86)/atmel/studio/7.0/toolchain/avr8/avr8-gnu-toolchain/bin/../lib/gcc/avr/5.4.0/../../../../avr/lib/avr6\libc.a(malloc.o)
                0x0000353c                malloc
                0x0000366c                free
                0x0000377e                . = ALIGN (0x2)
 *(.fini9)
 .fini9         0x0000377e        0x0 c:/program files (x86)/atmel/studio/7.0/toolchain/avr8/avr8-gnu-toolchain/bin/../lib/gcc/avr/5.4.0/avr6\libgcc.a(_exit.o)
                0x0000377e                _exit
                0x0000377e                exit
 *(.fini9)
 *(.fini8)
 *(.fini8)
 *(.fini7)
 *(.fini7)
 *(.fini6)
 .fini6         0x0000377e       0x1e c:/program files (x86)/atmel/studio/7.0/toolchain/avr8/avr8-gnu-toolchain/bin/../lib/gcc/avr/5.4.0/avr6\libgcc.a(_dtors.o)
                0x0000377e                __do_global_dtors
 *(.fini6)
 *(.fini5)
 *(.fini5)
 *(.fini4)
 *(.fini4)
 *(.fini3)
 *(.fini3)
 *(.fini2)
 *(.fini2)
 *(.fini1)
 *(.fini1)
 *(.fini0)
 .fini0         0x0000379c        0x4 c:/program files (x86)/atmel/studio/7.0/toolchain/avr8/avr8-gnu-toolchain/bin/../lib/gcc/avr/5.4.0/avr6\libgcc.a(_exit.o)
 *(.fini0)
                0x000037a0                _etext = .

.data           0x00800200      0x142 load address 0x000037a0
                0x00800200                PROVIDE (__data_start, .)
 *(.data)
 .data          0x00800200        0x6 c:/program files (x86)/atmel/studio/7.0/toolchain/avr8/avr8-gnu-toolchain/bin/../lib/gcc/avr/5.4.0/../../../../avr/lib/avr6\libc.a(malloc.o)
                0x00800200                __malloc_heap_end
                0x00800202                __malloc_heap_start
                0x00800204                __malloc_margin
 *(.data*)
 *(.gnu.linkonce.d*)
 *(.rodata)
 *(.rodata*)
 .rodata.str1.1
                0x00800206       0xb2 Connection.o
                                 0xb7 (size before relaxing)
 .rodata.str1.1
                0x008002b8       0x8a main.o
                                 0xdb (size before relaxing)
 *(.gnu.linkonce.r*)
                0x00800342                . = ALIGN (0x2)
                0x00800342                _edata = .
                0x00800342                PROVIDE (__data_end, .)

.bss            0x00800342       0x64
                0x00800342                PROVIDE (__bss_start, .)
 *(.bss)
 *(.bss*)
 .bss.USART0_Write_Pos_
                0x00800342        0x2 Connection.o
                0x00800342                USART0_Write_Pos_
 .bss.USART0_Read_Pos_
                0x00800344        0x2 Connection.o
                0x00800344                USART0_Read_Pos_
 .bss.USART0_Buffer_
                0x00800346        0x2 Connection.o
                0x00800346                USART0_Buffer_
 .bss.USART1_Write_Pos_
                0x00800348        0x2 Connection.o
                0x00800348                USART1_Write_Pos_
 .bss.USART1_Read_Pos_
                0x0080034a        0x2 Connection.o
                0x0080034a                USART1_Read_Pos_
 .bss.USART1_Buffer_
                0x0080034c        0x2 Connection.o
                0x0080034c                USART1_Buffer_
 .bss._ZL24close_connection_command
                0x0080034e        0x6 Connection.o
 .bss._ZL14status_command
                0x00800354        0x6 Connection.o
 .bss._ZL12send_command
                0x0080035a        0x6 Connection.o
 .bss._ZL14server_command
                0x00800360        0x6 Connection.o
 .bss._ZL28multiple_connections_command
                0x00800366        0x6 Connection.o
 .bss._ZL12mode_command
                0x0080036c        0x6 Connection.o
 .bss._ZL13reset_command
                0x00800372        0x6 Connection.o
 .bss._ZL24close_connection_command
                0x00800378        0x6 main.o
 .bss._ZL14status_command
                0x0080037e        0x6 main.o
 .bss._ZL12send_command
                0x00800384        0x6 main.o
 .bss._ZL14server_command
                0x0080038a        0x6 main.o
 .bss._ZL28multiple_connections_command
                0x00800390        0x6 main.o
 .bss._ZL12mode_command
                0x00800396        0x6 main.o
 .bss._ZL13reset_command
                0x0080039c        0x6 main.o
 *(COMMON)
 COMMON         0x008003a2        0x4 c:/program files (x86)/atmel/studio/7.0/toolchain/avr8/avr8-gnu-toolchain/bin/../lib/gcc/avr/5.4.0/../../../../avr/lib/avr6\libc.a(malloc.o)
                0x008003a2                __brkval
                0x008003a4                __flp
                0x008003a6                PROVIDE (__bss_end, .)
                0x000037a0                __data_load_start = LOADADDR (.data)
                0x000038e2                __data_load_end = (__data_load_start + SIZEOF (.data))

.noinit         0x008003a6        0x0
                [!provide]                PROVIDE (__noinit_start, .)
 *(.noinit*)
                [!provide]                PROVIDE (__noinit_end, .)
                0x008003a6                _end = .
                0x008003a6                PROVIDE (__heap_start, .)

.eeprom         0x00810000        0x0
 *(.eeprom*)
                0x00810000                __eeprom_end = .

.fuse
 *(.fuse)
 *(.lfuse)
 *(.hfuse)
 *(.efuse)

.lock
 *(.lock*)

.signature
 *(.signature*)

.user_signatures
 *(.user_signatures*)

.stab
 *(.stab)

.stabstr
 *(.stabstr)

.stab.excl
 *(.stab.excl)

.stab.exclstr
 *(.stab.exclstr)

.stab.index
 *(.stab.index)

.stab.indexstr
 *(.stab.indexstr)

.comment        0x00000000       0x30
 *(.comment)
 .comment       0x00000000       0x30 Connection.o
                                 0x31 (size before relaxing)
 .comment       0x00000030       0x31 main.o
 .comment       0x00000030       0x31 Memory.o
 .comment       0x00000030       0x31 SiteMapping.o
 .comment       0x00000030       0x31 String.o
 .comment       0x00000030       0x31 c:/program files (x86)/atmel/studio/7.0/toolchain/avr8/avr8-gnu-toolchain/bin/../lib/gcc/avr/5.4.0/../../../../avr/lib/avr6\libc.a(malloc.o)

.note.gnu.avr.deviceinfo
                0x00000000       0x40
 .note.gnu.avr.deviceinfo
                0x00000000       0x40 C:/Program Files (x86)/Atmel/Studio/7.0/Packs/atmel/ATmega_DFP/1.2.209/gcc/dev/atmega2560/avr6/crtatmega2560.o

.note.gnu.build-id
 *(.note.gnu.build-id)

.debug
 *(.debug)

.line
 *(.line)

.debug_srcinfo
 *(.debug_srcinfo)

.debug_sfnames
 *(.debug_sfnames)

.debug_aranges  0x00000000      0x248
 *(.debug_aranges)
 .debug_aranges
                0x00000000      0x130 Connection.o
 .debug_aranges
                0x00000130       0x58 main.o
 .debug_aranges
                0x00000188       0x38 Memory.o
 .debug_aranges
                0x000001c0       0x38 SiteMapping.o
 .debug_aranges
                0x000001f8       0x50 String.o

.debug_pubnames
 *(.debug_pubnames)

.debug_info     0x00000000     0x9cda
 *(.debug_info .gnu.linkonce.wi.*)
 .debug_info    0x00000000      0xbbc C:/Program Files (x86)/Atmel/Studio/7.0/Packs/atmel/ATmega_DFP/1.2.209/gcc/dev/atmega2560/avr6/crtatmega2560.o
 .debug_info    0x00000bbc     0x5414 Connection.o
 .debug_info    0x00005fd0     0x2407 main.o
 .debug_info    0x000083d7      0x16f Memory.o
 .debug_info    0x00008546     0x10c7 SiteMapping.o
 .debug_info    0x0000960d      0x6cd String.o

.debug_abbrev   0x00000000     0x1948
 *(.debug_abbrev)
 .debug_abbrev  0x00000000      0xb1a C:/Program Files (x86)/Atmel/Studio/7.0/Packs/atmel/ATmega_DFP/1.2.209/gcc/dev/atmega2560/avr6/crtatmega2560.o
 .debug_abbrev  0x00000b1a      0x4ea Connection.o
 .debug_abbrev  0x00001004      0x38d main.o
 .debug_abbrev  0x00001391       0xca Memory.o
 .debug_abbrev  0x0000145b      0x2f0 SiteMapping.o
 .debug_abbrev  0x0000174b      0x1fd String.o

.debug_line     0x00000000     0x22f8
 *(.debug_line .debug_line.* .debug_line_end)
 .debug_line    0x00000000      0x1f9 C:/Program Files (x86)/Atmel/Studio/7.0/Packs/atmel/ATmega_DFP/1.2.209/gcc/dev/atmega2560/avr6/crtatmega2560.o
 .debug_line    0x000001f9     0x1586 Connection.o
 .debug_line    0x0000177f      0x532 main.o
 .debug_line    0x00001cb1      0x179 Memory.o
 .debug_line    0x00001e2a      0x2c7 SiteMapping.o
 .debug_line    0x000020f1      0x207 String.o

.debug_frame    0x00000000      0xb3c
 *(.debug_frame)
 .debug_frame   0x00000000      0x6f8 Connection.o
 .debug_frame   0x000006f8      0x1cc main.o
 .debug_frame   0x000008c4       0x54 Memory.o
 .debug_frame   0x00000918      0x144 SiteMapping.o
 .debug_frame   0x00000a5c       0xe0 String.o

.debug_str      0x00000000     0x1a72
 *(.debug_str)
 .debug_str     0x00000000      0x3e6 C:/Program Files (x86)/Atmel/Studio/7.0/Packs/atmel/ATmega_DFP/1.2.209/gcc/dev/atmega2560/avr6/crtatmega2560.o
 .debug_str     0x000003e6      0xdff Connection.o
                                0xea3 (size before relaxing)
 .debug_str     0x000011e5      0x744 main.o
                               0x1079 (size before relaxing)
 .debug_str     0x00001929       0x2b Memory.o
                                0x1de (size before relaxing)
 .debug_str     0x00001954       0x7e SiteMapping.o
                                0xa95 (size before relaxing)
 .debug_str     0x000019d2       0xa0 String.o
                                0x611 (size before relaxing)

.debug_loc      0x00000000     0x53ea
 *(.debug_loc)
 .debug_loc     0x00000000     0x35ad Connection.o
 .debug_loc     0x000035ad      0xd6a main.o
 .debug_loc     0x00004317       0x9a Memory.o
 .debug_loc     0x000043b1      0x978 SiteMapping.o
 .debug_loc     0x00004d29      0x6c1 String.o

.debug_macinfo
 *(.debug_macinfo)

.debug_weaknames
 *(.debug_weaknames)

.debug_funcnames
 *(.debug_funcnames)

.debug_typenames
 *(.debug_typenames)

.debug_varnames
 *(.debug_varnames)

.debug_pubtypes
 *(.debug_pubtypes)

.debug_ranges   0x00000000      0x2b0
 *(.debug_ranges)
 .debug_ranges  0x00000000      0x168 Connection.o
 .debug_ranges  0x00000168       0x48 main.o
 .debug_ranges  0x000001b0       0x28 Memory.o
 .debug_ranges  0x000001d8       0x28 SiteMapping.o
 .debug_ranges  0x00000200       0xb0 String.o

.debug_macro
 *(.debug_macro)
OUTPUT(ArduinoWebserver.elf elf32-avr)
LOAD linker stubs
